## ============= PLAYER PROFILE =============  
**+ Name:** Florian  
**+ Controlled By:** Gnognak le Barbare  
**+ Class:** ADVENTURER  
# -------------------------------------------  
**+ LEVEL:** 1  
**+ MONEY:** 200 Coins  
**+ XP:** 5  
**+ HEALTH:** 70/100 HP  
# -------------------------------------------  
**+ STATS:**  
- **[ATK]** : 3  
- **[DEF]** : 1  
- **[CHA]** : 2  
- **[INT]** : 1  
# -------------------------------------------  
**+ INVENTORY STATUS:** 2/5 kg  
**+ ITEMS HELD:**  
- Magic Bow  
## =========================================  